Warning: p: Support for defaultProps will be removed from function components in a future major release. Use JavaScript default parameters instead. Component Stack: 
    p SingleDatePickerInput.js:116
    o withStyles.js:193
    withStyles(p) unknown:0
    n SingleDatePickerInputController.js:137
    div unknown:0
    t OutsideClickHandler.js:68
    div unknown:0
    n SingleDatePicker.js:158
    o withStyles.js:193
    withStyles(n) unknown:0
    div unknown:0
    d LoadingElement.js:11
    h React
    Suspense unknown:0
    c React
    CheckedComponent CheckedComponent.tsx:5
    DashContextProvider DashContext.tsx:6
    ComponentErrorBoundary React
    DashWrapper DashWrapper.tsx:13
    div unknown:0
    ms dash_bootstrap_components.v2_0_4m1768134055.min.js:2
    xs dash_bootstrap_components.v2_0_4m1768134055.min.js:2
    CheckedComponent CheckedComponent.tsx:5
    DashContextProvider DashContext.tsx:6
    ComponentErrorBoundary React
    DashWrapper DashWrapper.tsx:13
    div unknown:0
    bp dash_bootstrap_components.v2_0_4m1768134055.min.js:2
    xp dash_bootstrap_components.v2_0_4m1768134055.min.js:2
    CheckedComponent CheckedComponent.tsx:5
    DashContextProvider DashContext.tsx:6
    ComponentErrorBoundary React
    DashWrapper DashWrapper.tsx:13
    div unknown:0
    Wn dash_bootstrap_components.v2_0_4m1768134055.min.js:2
    Or dash_bootstrap_components.v2_0_4m1768134055.min.js:2
    CheckedComponent CheckedComponent.tsx:5
    DashContextProvider DashContext.tsx:6
    ComponentErrorBoundary React
    DashWrapper DashWrapper.tsx:13
    div unknown:0
    pr dash_bootstrap_components.v2_0_4m1768134055.min.js:2
    vr dash_bootstrap_components.v2_0_4m1768134055.min.js:2
    CheckedComponent CheckedComponent.tsx:5
    DashContextProvider DashContext.tsx:6
    ComponentErrorBoundary React
    DashWrapper DashWrapper.tsx:13
    div unknown:0
    ms dash_bootstrap_components.v2_0_4m1768134055.min.js:2
    xs dash_bootstrap_components.v2_0_4m1768134055.min.js:2
    CheckedComponent CheckedComponent.tsx:5
    DashContextProvider DashContext.tsx:6
    ComponentErrorBoundary React
    DashWrapper DashWrapper.tsx:13
    div unknown:0
    bp dash_bootstrap_components.v2_0_4m1768134055.min.js:2
    xp dash_bootstrap_components.v2_0_4m1768134055.min.js:2
    CheckedComponent CheckedComponent.tsx:5
    DashContextProvider DashContext.tsx:6
    ComponentErrorBoundary React
    DashWrapper DashWrapper.tsx:13
    div unknown:0
    js dash_bootstrap_components.v2_0_4m1768134055.min.js:2
    Ps dash_bootstrap_components.v2_0_4m1768134055.min.js:2
    CheckedComponent CheckedComponent.tsx:5
    DashContextProvider DashContext.tsx:6
    ComponentErrorBoundary React
    DashWrapper DashWrapper.tsx:13
    div unknown:0
    div unknown:0
    Debug React
    DevtoolProvider DevtoolContext.js:5
    DebugMenu React
    div unknown:0
    UnconnectedGlobalErrorContainer React
    ConnectFunction Redux
    UnconnectedContainer React
    ConnectFunction Redux
    UnconnectedAppContainer React
    Redux 2
    AppProvider AppProvider.react.tsx:13
<anonymous code>:1:147461
Warning: componentWillMount has been renamed, and is not recommended for use. See https://reactjs.org/link/unsafe-component-lifecycles for details.

* Move code with side effects to componentDidMount, and set initial state in the constructor.
* Rename componentWillMount to UNSAFE_componentWillMount to suppress this warning in non-strict mode. In React 18.x, only the UNSAFE_ name will work. To rename all deprecated lifecycles to their new names, you can run `npx react-codemod rename-unsafe-lifecycles` in your project source folder.

Please update the following components: t <anonymous code>:1:147461
Warning: componentWillReceiveProps has been renamed, and is not recommended for use. See https://reactjs.org/link/unsafe-component-lifecycles for details.

* Move data fetching code or side effects to componentDidUpdate.
* If you're updating state whenever props change, refactor your code to use memoization techniques or move it to static getDerivedStateFromProps. Learn more at: https://reactjs.org/link/derived-state
* Rename componentWillReceiveProps to UNSAFE_componentWillReceiveProps to suppress this warning in non-strict mode. In React 18.x, only the UNSAFE_ name will work. To rename all deprecated lifecycles to their new names, you can run `npx react-codemod rename-unsafe-lifecycles` in your project source folder.

Please update the following components: n, t <anonymous code>:1:147461
Source map error: Error: JSON.parse: unexpected character at line 1 column 1 of the JSON data
Stack in the worker:parseSourceMapInput@resource://devtools/client/shared/vendor/source-map/lib/util.js:163:15
_factory@resource://devtools/client/shared/vendor/source-map/lib/source-map-consumer.js:1069:22
SourceMapConsumer@resource://devtools/client/shared/vendor/source-map/lib/source-map-consumer.js:26:12
_fetch@resource://devtools/client/shared/source-map-loader/utils/fetchSourceMap.js:83:19

Resource URL: http://127.0.0.1:8050/%3Canonymous%20code%3E
Source Map URL: installHook.js.map